// Jest Snapshot v1, https://goo.gl/fbAQLP

exports[`should render DatasetLandingPage correctly 1`] = `
<div
  className="dataset-landingpage"
>
  <div
    className="row fdk-row"
  >
    <div
      className="col-md-12 fdk-padding-no"
    >
      <div
        className="fdk-container-detail"
      >
        <div
          className="fdk-detail-icon fdk-padding-no"
        >
          <i
            className="fa fa-info fdk-detail-icon-oneline"
          />
        </div>
        <div
          className="fdk-detail-text"
        >
          <p
            className="fdk-ingress fdk-margin-bottom-no"
          >
            <a
              className="dataset-landingpage-uri"
              href="landingpage"
              rel="noopener noreferrer"
              target="_blank"
              title="Background"
            >
              Background
              <i
                className="fa fa-external-link fdk-fa-right"
              />
            </a>
          </p>
        </div>
      </div>
    </div>
  </div>
</div>
`;
