// Jest Snapshot v1, https://goo.gl/fbAQLP

exports[`should render DatasetQuality correctly 1`] = `
<section>
  <div
    className="fdk-container-detail fdk-container-detail-header"
  >
    <i
      className="fa fa-star fdk-fa-left fdk-color-cta"
    />
    Quality
  </div>
  <div
    className="fdk-container-detail"
  >
    <div>
      <h5>
        Relevance
      </h5>
      <p
        className="fdk-ingress fdk-margin-bottom-double"
      >
        relevance
      </p>
    </div>
    <div>
      <h5>
        Completeness
      </h5>
      <p
        className="fdk-ingress fdk-margin-bottom-double"
      >
        comleteness
      </p>
    </div>
    <div>
      <h5>
        Accuracy
      </h5>
      <p
        className="fdk-ingress fdk-margin-bottom-double"
      >
        accuracy
      </p>
    </div>
    <div>
      <h5>
        Availability
      </h5>
      <p
        className="fdk-ingress fdk-margin-bottom-double"
      >
        availability
      </p>
    </div>
  </div>
</section>
`;
