// Jest Snapshot v1, https://goo.gl/fbAQLP

exports[`should render SearchPublishers correctly with props 1`] = `
<div
  className="section fdk-report-search-publishers"
>
  <div
    className="fdk-report-search-publishers__header mb-2"
  >
    Velg virksomhet
  </div>
  <Async
    autoload={true}
    backspaceRemoves={true}
    cache={Object {}}
    ignoreAccents={false}
    ignoreCase={true}
    labelKey="name"
    loadOptions={[Function]}
    loadingPlaceholder="Loading..."
    multi={false}
    options={Array []}
    placeholder="Søk på virksomhetsnavn..."
    searchPromptText="Skriv for å søke"
    value="STAT"
    valueKey="orgPath"
  />
</div>
`;
