// Jest Snapshot v1, https://goo.gl/fbAQLP

exports[`should render ApiDetailsPage correctly with apiItem 1`] = `
<main
  className="container"
  id="content"
>
  <article>
    <div
      className="row"
    >
      <div
        className="col-12 col-lg-8 offset-lg-4"
      >
        <ApiHeader
          harvest={null}
          publisher={null}
          publisherItems={null}
          title="National Data Directory Search API"
        />
      </div>
    </div>
    <div
      className="row"
    >
      <div
        className="col-12 col-lg-4 "
      >
        <StickyMenu
          menuItems={
            Array [
              Object {
                "name": "Description",
                "prefLabel": "Description",
              },
              Object {
                "name": "Response",
                "prefLabel": "Response",
              },
              Object {
                "name": "Contact information",
                "prefLabel": "Contact information",
              },
            ]
          }
        />
      </div>
      <section
        className="col-12 col-lg-8 mt-3"
      >
        <ShowMore
          contentHtml="Provides a basic search api against the National Data Directory of Norway"
          label="Description"
          showLessButtonText="Show less"
          showMoreButtonText="Show the full description"
        />
        <ApiEndpoints
          name="Response"
          paths={
            Object {
              "/aggregateDataset": Object {
                "get": Object {
                  "responses": Object {
                    "200": Object {
                      "description": "OK",
                    },
                    "401": Object {
                      "description": "Unauthorized",
                    },
                    "403": Object {
                      "description": "Forbidden",
                    },
                    "404": Object {
                      "description": "Not Found",
                    },
                  },
                },
              },
              "/catalogs": Object {
                "get": Object {
                  "description": "The three formats are: text/turtle, application/ld+json and application/rdf+xml",
                  "responses": Object {
                    "200": Object {
                      "description": "OK",
                    },
                    "401": Object {
                      "description": "Unauthorized",
                    },
                    "403": Object {
                      "description": "Forbidden",
                    },
                    "404": Object {
                      "description": "Not Found",
                    },
                  },
                },
              },
              "/catalogs/datasets": Object {
                "get": Object {
                  "description": "The three formats are: text/turtle, application/ld+json and application/rdf+xml",
                  "responses": Object {
                    "200": Object {
                      "description": "OK",
                    },
                    "401": Object {
                      "description": "Unauthorized",
                    },
                    "403": Object {
                      "description": "Forbidden",
                    },
                    "404": Object {
                      "description": "Not Found",
                    },
                  },
                },
              },
              "/datasets": Object {
                "get": Object {
                  "description": "Returns a list of matching datasets wrapped in a elasticsearch response. Max number returned by a single query is 100. Size parameters greater than 100 will not return more than 100 datasets. In order to access all datasets, use multiple queries and increment from parameter.",
                  "responses": Object {
                    "200": Object {
                      "description": "OK",
                    },
                    "401": Object {
                      "description": "Unauthorized",
                    },
                    "403": Object {
                      "description": "Forbidden",
                    },
                    "404": Object {
                      "description": "Not Found",
                    },
                  },
                },
              },
              "/datasets/**": Object {
                "get": Object {
                  "description": "You must specify the dataset's identifier",
                  "responses": Object {
                    "200": Object {
                      "description": "OK",
                    },
                    "401": Object {
                      "description": "Unauthorized",
                    },
                    "403": Object {
                      "description": "Forbidden",
                    },
                    "404": Object {
                      "description": "Not Found",
                    },
                  },
                },
              },
              "/harvest/catalog": Object {
                "get": Object {
                  "responses": Object {
                    "200": Object {
                      "description": "OK",
                    },
                    "401": Object {
                      "description": "Unauthorized",
                    },
                    "403": Object {
                      "description": "Forbidden",
                    },
                    "404": Object {
                      "description": "Not Found",
                    },
                  },
                },
              },
              "/publisher": Object {
                "get": Object {
                  "description": "Returns the elasticsearch response with matching publishers",
                  "responses": Object {
                    "200": Object {
                      "description": "OK",
                    },
                    "401": Object {
                      "description": "Unauthorized",
                    },
                    "403": Object {
                      "description": "Forbidden",
                    },
                    "404": Object {
                      "description": "Not Found",
                    },
                  },
                },
              },
              "/publisher/hierarchy": Object {
                "get": Object {
                  "responses": Object {
                    "200": Object {
                      "description": "OK",
                    },
                    "401": Object {
                      "description": "Unauthorized",
                    },
                    "403": Object {
                      "description": "Forbidden",
                    },
                    "404": Object {
                      "description": "Not Found",
                    },
                  },
                },
              },
              "/terms": Object {
                "get": Object {
                  "description": "Returns the elasticsearch response with matching terms (dct:subject)",
                  "responses": Object {
                    "200": Object {
                      "description": "OK",
                    },
                    "401": Object {
                      "description": "Unauthorized",
                    },
                    "403": Object {
                      "description": "Forbidden",
                    },
                    "404": Object {
                      "description": "Not Found",
                    },
                  },
                },
              },
            }
          }
        />
        <ListType1
          title="Contact information"
        >
          <React.Fragment
            key="https://fellesdatakatalog.brreg.no"
          >
            <TwoColRow
              col1="Kontaktpunkt"
              col2="https://fellesdatakatalog.brreg.no"
            />
            <hr />
            <TwoColRow
              col1="E-post"
              col2="https://fellesdatakatalog.brreg.no"
            />
            <hr />
            <TwoColRow
              col1="Telefon"
              col2="https://fellesdatakatalog.brreg.no"
            />
          </React.Fragment>
        </ListType1>
      </section>
    </div>
  </article>
</main>
`;

exports[`should render ApiDetailsPage correctly with missing api-properties 1`] = `
<main
  className="container"
  id="content"
>
  <article>
    <div
      className="row"
    >
      <div
        className="col-12 col-lg-8 offset-lg-4"
      >
        <ApiHeader
          harvest={null}
          publisher={null}
          publisherItems={null}
          title={null}
        />
      </div>
    </div>
    <div
      className="row"
    >
      <div
        className="col-12 col-lg-4 "
      >
        <StickyMenu
          menuItems={Array []}
        />
      </div>
      <section
        className="col-12 col-lg-8 mt-3"
      />
    </div>
  </article>
</main>
`;

exports[`should render ApiDetailsPage correctly with no apiItem 1`] = `""`;
