// Jest Snapshot v1, https://goo.gl/fbAQLP

exports[`should render PurePathNameBreadcrumb  correctly 1`] = `<span />`;

exports[`should render PurePathNameBreadcrumb correctly with no pathname 1`] = `<span />`;
