// Jest Snapshot v1, https://goo.gl/fbAQLP

exports[`should render ReportsPage correctly 1`] = `
<div>
  <ResultsDatasetsReport
    selectedLanguageCode={null}
  />
</div>
`;
