// Jest Snapshot v1, https://goo.gl/fbAQLP

exports[`should render ResultTabs with "Concepts" active correctly 1`] = `
<div
  className="row"
>
  <div
    className="col-sm-12 col-md-8 col-md-offset-4"
  >
    <ul
      className="search-results-tabs"
    >
      <li
        className=""
      >
        <Link
          aria-label="Link til side for datasett:"
          replace={false}
          to={
            Object {
              "pathname": "/",
              "search": "?",
            }
          }
        >
          Datasett
          <span>
             (
            )
          </span>
        </Link>
      </li>
      <li
        className="li-active"
      >
        <Link
          aria-label="Link til side for begrep:"
          replace={false}
          to={
            Object {
              "pathname": "/concepts",
              "search": "?",
            }
          }
        >
          Begrep
          <span>
             (
            )
          </span>
        </Link>
      </li>
    </ul>
  </div>
</div>
`;

exports[`should render ResultTabs with "Dataset" active correctly 1`] = `
<div
  className="row"
>
  <div
    className="col-sm-12 col-md-8 col-md-offset-4"
  >
    <ul
      className="search-results-tabs"
    >
      <li
        className="li-active"
      >
        <Link
          aria-label="Link til side for datasett:"
          replace={false}
          to={
            Object {
              "pathname": "/",
              "search": "?",
            }
          }
        >
          Datasett
          <span>
             (
            )
          </span>
        </Link>
      </li>
      <li
        className=""
      >
        <Link
          aria-label="Link til side for begrep:"
          replace={false}
          to={
            Object {
              "pathname": "/concepts",
              "search": "?",
            }
          }
        >
          Begrep
          <span>
             (
            )
          </span>
        </Link>
      </li>
    </ul>
  </div>
</div>
`;
