// Jest Snapshot v1, https://goo.gl/fbAQLP

exports[`should render ApiHeader correctly 1`] = `
<header>
  <SideEffect(DocumentMeta)
    title="Test"
  />
  <div
    className="fdk-detail-date mb-4"
  >
    <span>
      Published in The National Data Directory
       
      <t
        ago={false}
        calendar={false}
        decimal={false}
        element="time"
        filter={[Function]}
        format="DD.MM.YYYY"
        fromNow={false}
        interval={60000}
        onChange={[Function]}
        toNow={false}
        unit={null}
        unix={false}
        utc={false}
      >
        2018-06-25T19":51:05+0200
      </t>
    </span>
    <span>
       / 
    </span>
    <span>
      Last changed in The National Data Directory
       
      <t
        ago={false}
        calendar={false}
        decimal={false}
        element="time"
        filter={[Function]}
        format="DD.MM.YYYY"
        fromNow={false}
        interval={60000}
        onChange={[Function]}
        toNow={false}
        unit={null}
        unix={false}
        utc={false}
      >
        2018-07-09T14:40:37+0200
      </t>
    </span>
  </div>
  <div
    className="mb-2 d-flex flex-wrap align-items-baseline"
  >
    <h1
      className="mr-3"
    >
      Test
    </h1>
    <DatasetLabelNational />
  </div>
  <div
    className="mb-4"
  />
</header>
`;

exports[`should render ApiHeader with no props 1`] = `
<header>
  <SideEffect(DocumentMeta)
    title={null}
  />
  <div
    className="fdk-detail-date mb-4"
  />
  <div
    className="mb-4"
  />
</header>
`;
