// Jest Snapshot v1, https://goo.gl/fbAQLP

exports[`should render DatasetDescription correctly 1`] = `
<header>
  <SideEffect(DocumentMeta)
    description="Datasettet avgrenser område for virkeområdet til lov 6. juni 2009 nr. 35 om naturområder i Oslo og nærliggende kommuner (markaloven) som trådte i kraft 1. september 2009. Markalovens virkeområde er fastsatt i forskrift 4. september 2015 nr. 1032 om justering av markagrensen fastlegger markalovens geografiske virkeområde med tilhørende kart."
    title="AAMarkagrensen Oslo Kommune og nærliggende kommuner"
  />
  <h1
    className="fdk-margin-bottom"
  >
    AAMarkagrensen Oslo Kommune og nærliggende kommuner
  </h1>
  <div
    className="fdk-detail-date"
  />
  <div
    className="fdk-margin-bottom"
  >
    <span>
      Owned by
       
      <strong
        className="fdk-strong-virksomhet"
      >
        Testetaten
      </strong>
    </span>
    <div
      className="fdk-label fdk-label-on-grey mr-2 mb-2"
      key="dataset-description-theme-undefined"
    >
      Forvaltning og offentlig støtte
    </div>
    <div
      className="fdk-label fdk-label-on-grey mr-2 mb-2"
      key="dataset-description-theme-undefined"
    >
      Miljø
    </div>
  </div>
  <ShowMore
    contentHtml={null}
    label="Description"
    showLessButtonText="Show less"
    showMoreButtonText="Show the full description"
  />
  <ShowMore
    contentHtml="Datasettes formål er nullam quis rius eget urna mollis ornare vel eu leo. Praesent commodo cursus magna, vel scelerisque nisl consectetur et. Cras mattis consectetur purus sit amet fermentum. Vestibulum id ligula porta felis euismod semper."
    label="Objective"
    showLessButtonText="Show less"
    showMoreButtonText="Show the full objective"
  />
</header>
`;

exports[`should render DatasetDescription correctly 2`] = `
<header>
  <SideEffect(DocumentMeta)
    description="Datasettet avgrenser område for virkeområdet til lov 6. juni 2009 nr. 35 om naturområder i Oslo og nærliggende kommuner (markaloven) som trådte i kraft 1. september 2009. Markalovens virkeområde er fastsatt i forskrift 4. september 2015 nr. 1032 om justering av markagrensen fastlegger markalovens geografiske virkeområde med tilhørende kart."
    title="AAMarkagrensen Oslo Kommune og nærliggende kommuner"
  />
  <h1
    className="fdk-margin-bottom"
  >
    AAMarkagrensen Oslo Kommune og nærliggende kommuner
  </h1>
  <div
    className="fdk-detail-date"
  />
  <div
    className="fdk-margin-bottom"
  >
    <span>
      Owned by
       
      <strong
        className="fdk-strong-virksomhet"
      >
        Testetaten
      </strong>
    </span>
    <div
      className="fdk-label fdk-label-on-grey mr-2 mb-2"
      key="dataset-description-theme-undefined"
    >
      Forvaltning og offentlig støtte
    </div>
    <div
      className="fdk-label fdk-label-on-grey mr-2 mb-2"
      key="dataset-description-theme-undefined"
    >
      Miljø
    </div>
  </div>
  <ShowMore
    contentHtml={null}
    label="Description"
    showLessButtonText="Show less"
    showMoreButtonText="Show the full description"
  />
  <ShowMore
    contentHtml="Datasettes formål er nullam quis rius eget urna mollis ornare vel eu leo. Praesent commodo cursus magna, vel scelerisque nisl consectetur et. Cras mattis consectetur purus sit amet fermentum. Vestibulum id ligula porta felis euismod semper."
    label="Objective"
    showLessButtonText="Show less"
    showMoreButtonText="Show the full objective"
  />
</header>
`;

exports[`should render DatasetDescription correctly with no props 1`] = `
<header>
  <SideEffect(DocumentMeta)
    description=""
    title=""
  />
  <div
    className="fdk-detail-date"
  />
  <div
    className="fdk-margin-bottom"
  />
</header>
`;
